[32m[Nest] 84917  - [39m09/25/2026, 4:50:08 PM [32m    LOG[39m [38;5;3m[NestFactory] [39m[32mStarting Nest application...[39m
[32m[Nest] 84917  - [39m09/25/2026, 4:50:08 PM [32m    LOG[39m [38;5;3m[InstanceLoader] [39m[32mAppModule dependencies initialized[39m[38;5;3m +13ms[39m
[32m[Nest] 84917  - [39m09/25/2026, 4:50:08 PM [32m    LOG[39m [38;5;3m[InstanceLoader] [39m[32mConfigHostModule dependencies initialized[39m[38;5;3m +4ms[39m
[32m[Nest] 84917  - [39m09/25/2026, 4:50:08 PM [32m    LOG[39m [38;5;3m[InstanceLoader] [39m[32mConfigModule dependencies initialized[39m[38;5;3m +4ms[39m
[32m[Nest] 84917  - [39m09/25/2026, 4:50:08 PM [32m    LOG[39m [38;5;3m[InstanceLoader] [39m[32mLoggerModule dependencies initialized[39m[38;5;3m +0ms[39m
[32m[Nest] 84917  - [39m09/25/2026, 4:50:08 PM [32m    LOG[39m [38;5;3m[InstanceLoader] [39m[32mMetricsModule dependencies initialized[39m[38;5;3m +0ms[39m
[32m[Nest] 84917  - [39m09/25/2026, 4:50:08 PM [32m    LOG[39m [38;5;3m[InstanceLoader] [39m[32mApplicationLifecycleModule dependencies initialized[39m[38;5;3m +1ms[39m
[32m[Nest] 84917  - [39m09/25/2026, 4:50:08 PM [32m    LOG[39m [38;5;3m[InstanceLoader] [39m[32mPrismaModule dependencies initialized[39m[38;5;3m +0ms[39m
[32m[Nest] 84917  - [39m09/25/2026, 4:50:08 PM [32m    LOG[39m [38;5;3m[InstanceLoader] [39m[32mRateLimitModule dependencies initialized[39m[38;5;3m +0ms[39m
[32m[Nest] 84917  - [39m09/25/2026, 4:50:08 PM [32m    LOG[39m [38;5;3m[InstanceLoader] [39m[32mAuthModule dependencies initialized[39m[38;5;3m +1ms[39m
[32m[Nest] 84917  - [39m09/25/2026, 4:50:08 PM [32m    LOG[39m [38;5;3m[InstanceLoader] [39m[32mHealthModule dependencies initialized[39m[38;5;3m +0ms[39m
[32m[Nest] 84917  - [39m09/25/2026, 4:50:08 PM [32m    LOG[39m [38;5;3m[InstanceLoader] [39m[32mEnrollmentsModule dependencies initialized[39m[38;5;3m +1ms[39m
[32m[Nest] 84917  - [39m09/25/2026, 4:50:08 PM [32m    LOG[39m [38;5;3m[InstanceLoader] [39m[32mGovernanceModule dependencies initialized[39m[38;5;3m +0ms[39m
[32m[Nest] 84917  - [39m09/25/2026, 4:50:08 PM [32m    LOG[39m [38;5;3m[InstanceLoader] [39m[32mSubmissionsModule dependencies initialized[39m[38;5;3m +0ms[39m
[32m[Nest] 84917  - [39m09/25/2026, 4:50:08 PM [32m    LOG[39m [38;5;3m[InstanceLoader] [39m[32mRealtimeModule dependencies initialized[39m[38;5;3m +0ms[39m
[32m[Nest] 84917  - [39m09/25/2026, 4:50:08 PM [32m    LOG[39m [38;5;3m[InstanceLoader] [39m[32mCoursesModule dependencies initialized[39m[38;5;3m +0ms[39m
[32m[Nest] 84917  - [39m09/25/2026, 4:50:08 PM [32m    LOG[39m [38;5;3m[InstanceLoader] [39m[32mQuestionsModule dependencies initialized[39m[38;5;3m +0ms[39m
[32m[Nest] 84917  - [39m09/25/2026, 4:50:08 PM [32m    LOG[39m [38;5;3m[InstanceLoader] [39m[32mIdentityModule dependencies initialized[39m[38;5;3m +0ms[39m
[32m[Nest] 84917  - [39m09/25/2026, 4:50:08 PM [32m    LOG[39m [38;5;3m[InstanceLoader] [39m[32mLiveSessionsModule dependencies initialized[39m[38;5;3m +0ms[39m
[32m[Nest] 84917  - [39m09/25/2026, 4:50:08 PM [32m    LOG[39m [38;5;3m[InstanceLoader] [39m[32mParticipantsModule dependencies initialized[39m[38;5;3m +0ms[39m
[2026-09-25 16:50:08.981 +0800] [33mWARN[39m (84917): [36mUnsupported route path: "health/(.*)". In previous versions, the symbols ?, *, and + were used to denote optional or repeating path parameters. The latest version of "path-to-regexp" now requires the use of named parameters. For example, instead of using a route like /users/* to capture all routes starting with "/users", you should use /users/*path. For more details, refer to the migration guide. Attempting to auto-convert to "health/{*path}"...[39m [90m{"context":"LegacyRouteConverter"}[39m
[2026-09-25 16:50:09.034 +0800] [32mINFO[39m (84917): [36mLiveGateway subscribed to the "snapshot.fetch" message[39m [90m{"context":"WebSocketsController"}[39m
[2026-09-25 16:50:09.038 +0800] [33mWARN[39m (84917): [36mUnsupported route path: "/api/*". In previous versions, the symbols ?, *, and + were used to denote optional or repeating path parameters. The latest version of "path-to-regexp" now requires the use of named parameters. For example, instead of using a route like /users/* to capture all routes starting with "/users", you should use /users/*path. For more details, refer to the migration guide. Attempting to auto-convert to "/api/{*path}"...[39m [90m{"context":"LegacyRouteConverter"}[39m
[2026-09-25 16:50:09.039 +0800] [33mWARN[39m (84917): [36mUnsupported route path: "/api/*". In previous versions, the symbols ?, *, and + were used to denote optional or repeating path parameters. The latest version of "path-to-regexp" now requires the use of named parameters. For example, instead of using a route like /users/* to capture all routes starting with "/users", you should use /users/*path. For more details, refer to the migration guide. Attempting to auto-convert to "/api/{*path}"...[39m [90m{"context":"LegacyRouteConverter"}[39m
[2026-09-25 16:50:09.040 +0800] [33mWARN[39m (84917): [36mUnsupported route path: "/api/*". In previous versions, the symbols ?, *, and + were used to denote optional or repeating path parameters. The latest version of "path-to-regexp" now requires the use of named parameters. For example, instead of using a route like /users/* to capture all routes starting with "/users", you should use /users/*path. For more details, refer to the migration guide. Attempting to auto-convert to "/api/{*path}"...[39m [90m{"context":"LegacyRouteConverter"}[39m
[2026-09-25 16:50:09.040 +0800] [33mWARN[39m (84917): [36mUnsupported route path: "/api/*". In previous versions, the symbols ?, *, and + were used to denote optional or repeating path parameters. The latest version of "path-to-regexp" now requires the use of named parameters. For example, instead of using a route like /users/* to capture all routes starting with "/users", you should use /users/*path. For more details, refer to the migration guide. Attempting to auto-convert to "/api/{*path}"...[39m [90m{"context":"LegacyRouteConverter"}[39m
[2026-09-25 16:50:09.041 +0800] [33mWARN[39m (84917): [36mUnsupported route path: "/api/*". In previous versions, the symbols ?, *, and + were used to denote optional or repeating path parameters. The latest version of "path-to-regexp" now requires the use of named parameters. For example, instead of using a route like /users/* to capture all routes starting with "/users", you should use /users/*path. For more details, refer to the migration guide. Attempting to auto-convert to "/api/{*path}"...[39m [90m{"context":"LegacyRouteConverter"}[39m
[2026-09-25 16:50:09.041 +0800] [32mINFO[39m (84917): [36mHealthController {/api/health} (version: v1):[39m [90m{"context":"RoutesResolver"}[39m
[2026-09-25 16:50:09.042 +0800] [32mINFO[39m (84917): [36mMapped {/health/live, GET} (version: Neutral) route[39m [90m{"context":"RouterExplorer"}[39m
[2026-09-25 16:50:09.043 +0800] [32mINFO[39m (84917): [36mMapped {/health/ready, GET} (version: Neutral) route[39m [90m{"context":"RouterExplorer"}[39m
[2026-09-25 16:50:09.043 +0800] [32mINFO[39m (84917): [36mAuthController {/api/auth} (version: 1):[39m [90m{"context":"RoutesResolver"}[39m
[2026-09-25 16:50:09.043 +0800] [32mINFO[39m (84917): [36mMapped {/api/auth/login, POST} (version: 1) route[39m [90m{"context":"RouterExplorer"}[39m
[2026-09-25 16:50:09.044 +0800] [32mINFO[39m (84917): [36mMapped {/api/auth/step-up, POST} (version: 1) route[39m [90m{"context":"RouterExplorer"}[39m
[2026-09-25 16:50:09.044 +0800] [32mINFO[39m (84917): [36mMapped {/api/auth/change-password, POST} (version: 1) route[39m [90m{"context":"RouterExplorer"}[39m
[2026-09-25 16:50:09.044 +0800] [32mINFO[39m (84917): [36mMapped {/api/auth/logout, POST} (version: 1) route[39m [90m{"context":"RouterExplorer"}[39m
[2026-09-25 16:50:09.044 +0800] [32mINFO[39m (84917): [36mMapped {/api/auth/session, GET} (version: 1) route[39m [90m{"context":"RouterExplorer"}[39m
[2026-09-25 16:50:09.044 +0800] [32mINFO[39m (84917): [36mAdminController {/api/admin} (version: 1):[39m [90m{"context":"RoutesResolver"}[39m
[2026-09-25 16:50:09.044 +0800] [32mINFO[39m (84917): [36mMapped {/api/admin/accounts, GET} (version: 1) route[39m [90m{"context":"RouterExplorer"}[39m
[2026-09-25 16:50:09.045 +0800] [32mINFO[39m (84917): [36mMapped {/api/admin/accounts/:id, GET} (version: 1) route[39m [90m{"context":"RouterExplorer"}[39m
[2026-09-25 16:50:09.045 +0800] [32mINFO[39m (84917): [36mMapped {/api/admin/accounts/:id/permissions, PATCH} (version: 1) route[39m [90m{"context":"RouterExplorer"}[39m
[2026-09-25 16:50:09.045 +0800] [32mINFO[39m (84917): [36mMapped {/api/admin/accounts/:id, PATCH} (version: 1) route[39m [90m{"context":"RouterExplorer"}[39m
[2026-09-25 16:50:09.045 +0800] [32mINFO[39m (84917): [36mMapped {/api/admin/accounts, POST} (version: 1) route[39m [90m{"context":"RouterExplorer"}[39m
[2026-09-25 16:50:09.045 +0800] [32mINFO[39m (84917): [36mMapped {/api/admin/accounts/:id/reset-password, POST} (version: 1) route[39m [90m{"context":"RouterExplorer"}[39m
[2026-09-25 16:50:09.046 +0800] [32mINFO[39m (84917): [36mMapped {/api/admin/accounts/:id/disable, POST} (version: 1) route[39m [90m{"context":"RouterExplorer"}[39m
[2026-09-25 16:50:09.046 +0800] [32mINFO[39m (84917): [36mMapped {/api/admin/accounts/:id/restore, POST} (version: 1) route[39m [90m{"context":"RouterExplorer"}[39m
[2026-09-25 16:50:09.046 +0800] [32mINFO[39m (84917): [36mMapped {/api/admin/accounts/:id/require-password-change, POST} (version: 1) route[39m [90m{"context":"RouterExplorer"}[39m
[2026-09-25 16:50:09.046 +0800] [32mINFO[39m (84917): [36mMapped {/api/admin/accounts/:id/cli-credentials, POST} (version: 1) route[39m [90m{"context":"RouterExplorer"}[39m
[2026-09-25 16:50:09.046 +0800] [32mINFO[39m (84917): [36mMapped {/api/admin/accounts/:id/cli-credentials, GET} (version: 1) route[39m [90m{"context":"RouterExplorer"}[39m
[2026-09-25 16:50:09.046 +0800] [32mINFO[39m (84917): [36mMapped {/api/admin/accounts/:id/cli-credentials/:credentialId/rotate, POST} (version: 1) route[39m [90m{"context":"RouterExplorer"}[39m
[2026-09-25 16:50:09.047 +0800] [32mINFO[39m (84917): [36mMapped {/api/admin/accounts/:id/cli-credentials/:credentialId/revoke, POST} (version: 1) route[39m [90m{"context":"RouterExplorer"}[39m
[2026-09-25 16:50:09.047 +0800] [32mINFO[39m (84917): [36mCoursesController {/api/courses} (version: 1):[39m [90m{"context":"RoutesResolver"}[39m
[2026-09-25 16:50:09.047 +0800] [32mINFO[39m (84917): [36mMapped {/api/courses, POST} (version: 1) route[39m [90m{"context":"RouterExplorer"}[39m
[2026-09-25 16:50:09.047 +0800] [32mINFO[39m (84917): [36mMapped {/api/courses, GET} (version: 1) route[39m [90m{"context":"RouterExplorer"}[39m
[2026-09-25 16:50:09.047 +0800] [32mINFO[39m (84917): [36mMapped {/api/courses/:id, GET} (version: 1) route[39m [90m{"context":"RouterExplorer"}[39m
[2026-09-25 16:50:09.047 +0800] [32mINFO[39m (84917): [36mMapped {/api/courses/:id/archive, POST} (version: 1) route[39m [90m{"context":"RouterExplorer"}[39m
[2026-09-25 16:50:09.047 +0800] [32mINFO[39m (84917): [36mQuestionsController {/api/courses} (version: 1):[39m [90m{"context":"RoutesResolver"}[39m
[2026-09-25 16:50:09.047 +0800] [32mINFO[39m (84917): [36mMapped {/api/courses/:courseId/questions, POST} (version: 1) route[39m [90m{"context":"RouterExplorer"}[39m
[2026-09-25 16:50:09.048 +0800] [32mINFO[39m (84917): [36mMapped {/api/courses/:courseId/questions, GET} (version: 1) route[39m [90m{"context":"RouterExplorer"}[39m
[2026-09-25 16:50:09.048 +0800] [32mINFO[39m (84917): [36mMapped {/api/courses/:courseId/questions/:id, GET} (version: 1) route[39m [90m{"context":"RouterExplorer"}[39m
[2026-09-25 16:50:09.048 +0800] [32mINFO[39m (84917): [36mMapped {/api/courses/:courseId/questions/order, PATCH} (version: 1) route[39m [90m{"context":"RouterExplorer"}[39m
[2026-09-25 16:50:09.048 +0800] [32mINFO[39m (84917): [36mMapped {/api/courses/:courseId/questions/:id, PATCH} (version: 1) route[39m [90m{"context":"RouterExplorer"}[39m
[2026-09-25 16:50:09.048 +0800] [32mINFO[39m (84917): [36mMapped {/api/courses/:courseId/questions/:id, DELETE} (version: 1) route[39m [90m{"context":"RouterExplorer"}[39m
[2026-09-25 16:50:09.048 +0800] [32mINFO[39m (84917): [36mQuestionBatchesController {/api/courses} (version: 1):[39m [90m{"context":"RoutesResolver"}[39m
[2026-09-25 16:50:09.048 +0800] [32mINFO[39m (84917): [36mMapped {/api/courses/:courseId/question-batches/validate, POST} (version: 1) route[39m [90m{"context":"RouterExplorer"}[39m
[2026-09-25 16:50:09.048 +0800] [32mINFO[39m (84917): [36mMapped {/api/courses/:courseId/question-batches/confirm, POST} (version: 1) route[39m [90m{"context":"RouterExplorer"}[39m
[2026-09-25 16:50:09.048 +0800] [32mINFO[39m (84917): [36mLiveSessionsController {/api/live-sessions} (version: 1):[39m [90m{"context":"RoutesResolver"}[39m
[2026-09-25 16:50:09.049 +0800] [32mINFO[39m (84917): [36mMapped {/api/live-sessions, POST} (version: 1) route[39m [90m{"context":"RouterExplorer"}[39m
[2026-09-25 16:50:09.049 +0800] [32mINFO[39m (84917): [36mMapped {/api/live-sessions/:liveSessionId/start, POST} (version: 1) route[39m [90m{"context":"RouterExplorer"}[39m
[2026-09-25 16:50:09.049 +0800] [32mINFO[39m (84917): [36mMapped {/api/live-sessions/:liveSessionId/questions/:sessionQuestionId/open, POST} (version: 1) route[39m [90m{"context":"RouterExplorer"}[39m
[2026-09-25 16:50:09.049 +0800] [32mINFO[39m (84917): [36mMapped {/api/live-sessions/:liveSessionId/questions/:sessionQuestionId/close, POST} (version: 1) route[39m [90m{"context":"RouterExplorer"}[39m
[2026-09-25 16:50:09.049 +0800] [32mINFO[39m (84917): [36mMapped {/api/live-sessions/:liveSessionId/close, POST} (version: 1) route[39m [90m{"context":"RouterExplorer"}[39m
[2026-09-25 16:50:09.049 +0800] [32mINFO[39m (84917): [36mMapped {/api/live-sessions/:liveSessionId/cancel, POST} (version: 1) route[39m [90m{"context":"RouterExplorer"}[39m
[2026-09-25 16:50:09.049 +0800] [32mINFO[39m (84917): [36mMapped {/api/live-sessions/:liveSessionId, GET} (version: 1) route[39m [90m{"context":"RouterExplorer"}[39m
[2026-09-25 16:50:09.049 +0800] [32mINFO[39m (84917): [36mGovernanceController {/api/results} (version: 1):[39m [90m{"context":"RoutesResolver"}[39m
[2026-09-25 16:50:09.050 +0800] [32mINFO[39m (84917): [36mMapped {/api/results, GET} (version: 1) route[39m [90m{"context":"RouterExplorer"}[39m
[2026-09-25 16:50:09.050 +0800] [32mINFO[39m (84917): [36mMapped {/api/results/:liveSessionId, GET} (version: 1) route[39m [90m{"context":"RouterExplorer"}[39m
[2026-09-25 16:50:09.050 +0800] [32mINFO[39m (84917): [36mMapped {/api/results/:liveSessionId/deletion-requests, POST} (version: 1) route[39m [90m{"context":"RouterExplorer"}[39m
[2026-09-25 16:50:09.050 +0800] [32mINFO[39m (84917): [36mAdminGovernanceController {/api/admin/results} (version: 1):[39m [90m{"context":"RoutesResolver"}[39m
[2026-09-25 16:50:09.050 +0800] [32mINFO[39m (84917): [36mMapped {/api/admin/results/deletion-requests, GET} (version: 1) route[39m [90m{"context":"RouterExplorer"}[39m
[2026-09-25 16:50:09.050 +0800] [32mINFO[39m (84917): [36mMapped {/api/admin/results/:liveSessionId/deletion, POST} (version: 1) route[39m [90m{"context":"RouterExplorer"}[39m
[2026-09-25 16:50:09.050 +0800] [32mINFO[39m (84917): [36mParticipantsController {/api/live-sessions} (version: 1):[39m [90m{"context":"RoutesResolver"}[39m
[2026-09-25 16:50:09.050 +0800] [32mINFO[39m (84917): [36mMapped {/api/live-sessions/:sessionCode/join, POST} (version: 1) route[39m [90m{"context":"RouterExplorer"}[39m
[2026-09-25 16:50:09.050 +0800] [32mINFO[39m (84917): [36mMapped {/api/live-sessions/:liveSessionId/snapshot, GET} (version: 1) route[39m [90m{"context":"RouterExplorer"}[39m
[2026-09-25 16:50:09.051 +0800] [32mINFO[39m (84917): [36mMapped {/api/live-sessions/:liveSessionId/questions/:sessionQuestionId/results, GET} (version: 1) route[39m [90m{"context":"RouterExplorer"}[39m
[2026-09-25 16:50:09.051 +0800] [32mINFO[39m (84917): [36mMapped {/api/live-sessions/:liveSessionId/student-status, GET} (version: 1) route[39m [90m{"context":"RouterExplorer"}[39m
[2026-09-25 16:50:09.051 +0800] [32mINFO[39m (84917): [36mEnrollmentsController {/api} (version: 1):[39m [90m{"context":"RoutesResolver"}[39m
[2026-09-25 16:50:09.051 +0800] [32mINFO[39m (84917): [36mMapped {/api/courses/:courseId/students/search, GET} (version: 1) route[39m [90m{"context":"RouterExplorer"}[39m
[2026-09-25 16:50:09.051 +0800] [32mINFO[39m (84917): [36mMapped {/api/courses/:courseId/enrollments, POST} (version: 1) route[39m [90m{"context":"RouterExplorer"}[39m
[2026-09-25 16:50:09.051 +0800] [32mINFO[39m (84917): [36mMapped {/api/courses/:courseId/enrollments/:studentAccountId, DELETE} (version: 1) route[39m [90m{"context":"RouterExplorer"}[39m
[2026-09-25 16:50:09.051 +0800] [32mINFO[39m (84917): [36mMapped {/api/courses/:courseId/enrollments, GET} (version: 1) route[39m [90m{"context":"RouterExplorer"}[39m
[2026-09-25 16:50:09.051 +0800] [32mINFO[39m (84917): [36mMapped {/api/me/courses, GET} (version: 1) route[39m [90m{"context":"RouterExplorer"}[39m
[2026-09-25 16:50:09.051 +0800] [32mINFO[39m (84917): [36mSubmissionsController {/api/live-sessions} (version: 1):[39m [90m{"context":"RoutesResolver"}[39m
[2026-09-25 16:50:09.051 +0800] [32mINFO[39m (84917): [36mMapped {/api/live-sessions/:liveSessionId/submissions, POST} (version: 1) route[39m [90m{"context":"RouterExplorer"}[39m
[2026-09-25 16:50:09.051 +0800] [32mINFO[39m (84917): [36mRealtimeTraceController {/api/diagnostics} (version: 1):[39m [90m{"context":"RoutesResolver"}[39m
[2026-09-25 16:50:09.052 +0800] [32mINFO[39m (84917): [36mMapped {/api/diagnostics/realtime-trace, GET} (version: 1) route[39m [90m{"context":"RouterExplorer"}[39m
[2026-09-25 16:50:09.052 +0800] [32mINFO[39m (84917): [36mMetricsController {/api} (version: v1):[39m [90m{"context":"RoutesResolver"}[39m
[2026-09-25 16:50:09.052 +0800] [32mINFO[39m (84917): [36mMapped {/metrics, GET} (version: Neutral) route[39m [90m{"context":"RouterExplorer"}[39m
[2026-09-25 16:50:09.136 +0800] [32mINFO[39m (84917): [36mNest application successfully started[39m [90m{"context":"NestApplication"}[39m
[2026-09-25 16:50:09.156 +0800] [32mINFO[39m (84917): [36mApplication is running on port 3001[39m
[2026-09-25 16:50:25.735 +0800] [32mINFO[39m (84917): [36mrequest completed[39m [90m{"req":{"id":1,"method":"GET","url":"/health/ready","query":{},"params":{"path":["ready"]},"headers":{"host":"127.0.0.1:3001","user-agent":"curl/8.18.0","accept":"*/*"},"remoteAddress":"::ffff:127.0.0.1","remotePort":46680},"res":{"statusCode":200,"headers":{"content-security-policy":"default-src 'self';base-uri 'self';font-src 'self' https: data:;form-action 'self';frame-ancestors 'self';img-src 'self' data:;object-src 'none';script-src 'self';script-src-attr 'none';style-src 'self' https: 'unsafe-inline';upgrade-insecure-requests","cross-origin-opener-policy":"same-origin","cross-origin-resource-policy":"same-origin","origin-agent-cluster":"?1","referrer-policy":"no-referrer","strict-transport-security":"max-age=31536000; includeSubDomains","x-content-type-options":"nosniff","x-dns-prefetch-control":"off","x-download-options":"noopen","x-frame-options":"SAMEORIGIN","x-permitted-cross-domain-policies":"none","x-xss-protection":"0","vary":"Origin","access-control-allow-credentials":"true","x-request-id":"d88b799b-80ce-4112-bf34-5f085a5ff8cb","content-type":"application/json; charset=utf-8","content-length":"251","etag":"W/\"fb-lcHYSpwYLvPibfQuTgQ5rJPIQOc\""}},"responseTime":6}[39m
[2026-09-25 16:50:54.692 +0800] [32mINFO[39m (84917): [36mrequest completed[39m [90m{"req":{"id":2,"method":"GET","url":"/api/v1/diagnostics/realtime-trace?runId=w3fresh-20260925T084758Z-dd7baaa","query":{"runId":"w3fresh-20260925T084758Z-dd7baaa"},"params":{"path":["v1","diagnostics","realtime-trace"]},"headers":{"host":"127.0.0.1:3001","user-agent":"curl/8.18.0","accept":"*/*"},"remoteAddress":"::ffff:127.0.0.1","remotePort":46060},"res":{"statusCode":200,"headers":{"content-security-policy":"default-src 'self';base-uri 'self';font-src 'self' https: data:;form-action 'self';frame-ancestors 'self';img-src 'self' data:;object-src 'none';script-src 'self';script-src-attr 'none';style-src 'self' https: 'unsafe-inline';upgrade-insecure-requests","cross-origin-opener-policy":"same-origin","cross-origin-resource-policy":"same-origin","origin-agent-cluster":"?1","referrer-policy":"no-referrer","strict-transport-security":"max-age=31536000; includeSubDomains","x-content-type-options":"nosniff","x-dns-prefetch-control":"off","x-download-options":"noopen","x-frame-options":"SAMEORIGIN","x-permitted-cross-domain-policies":"none","x-xss-protection":"0","vary":"Origin","access-control-allow-credentials":"true","x-request-id":"129477ee-e764-44c7-83d3-205c2ef5cb92","content-type":"application/json; charset=utf-8","content-length":"881","etag":"W/\"371-RV7cwX3RbXQ4Xe9gG/ytB7iZ3yU\""}},"responseTime":2}[39m
[2026-09-25 16:50:54.698 +0800] [32mINFO[39m (84917): [36mrequest completed[39m [90m{"req":{"id":3,"method":"GET","url":"/api/v1/diagnostics/realtime-trace?runId=w3mismatch-20260925T084758Z-dd7baaa","query":{"runId":"w3mismatch-20260925T084758Z-dd7baaa"},"params":{"path":["v1","diagnostics","realtime-trace"]},"headers":{"host":"127.0.0.1:3001","user-agent":"curl/8.18.0","accept":"*/*"},"remoteAddress":"::ffff:127.0.0.1","remotePort":46074},"res":{"statusCode":200,"headers":{"content-security-policy":"default-src 'self';base-uri 'self';font-src 'self' https: data:;form-action 'self';frame-ancestors 'self';img-src 'self' data:;object-src 'none';script-src 'self';script-src-attr 'none';style-src 'self' https: 'unsafe-inline';upgrade-insecure-requests","cross-origin-opener-policy":"same-origin","cross-origin-resource-policy":"same-origin","origin-agent-cluster":"?1","referrer-policy":"no-referrer","strict-transport-security":"max-age=31536000; includeSubDomains","x-content-type-options":"nosniff","x-dns-prefetch-control":"off","x-download-options":"noopen","x-frame-options":"SAMEORIGIN","x-permitted-cross-domain-policies":"none","x-xss-protection":"0","vary":"Origin","access-control-allow-credentials":"true","x-request-id":"a00aceb3-694f-4f6b-bf3f-4fa82862c1ff","content-type":"application/json; charset=utf-8","content-length":"881","etag":"W/\"371-D/goSkTgcsgRBvFm0N4GUzMCCoI\""}},"responseTime":1}[39m
